Parsing 'test\test_cfg_regalloc.c'...


===== Symbol Table =====
Name           Type      Kind        Line    Scope   Shape               
-------------------------------------------------------------------------
main           int       function    51      0                           
factorial      int       function    27      0                           
num            int       parameter   17      0                           
fibonacci      int       function    15      0                           
n              int       parameter   1       0                           
========================

Parsing completed successfully. No errors found.
